#-----------------------------------------------------------
# Vivado v2019.1 (64-bit)
# SW Build 2552052 on Fri May 24 14:49:42 MDT 2019
# IP Build 2548770 on Fri May 24 18:01:18 MDT 2019
# Start of session at: Fri Jan  3 18:03:31 2020
# Process ID: 20236
# Current directory: C:/Users/admin/Documents/pxl/3dejaar/embedded_os/Eindopdracht_EOS/NeoMatrix3_project
# Command line: vivado.exe -gui_launcher_event rodinguilauncherevent11564 C:\Users\admin\Documents\pxl\3dejaar\embedded_os\Eindopdracht_EOS\NeoMatrix3_project\NeoMatrix3_project.xpr
# Log file: C:/Users/admin/Documents/pxl/3dejaar/embedded_os/Eindopdracht_EOS/NeoMatrix3_project/vivado.log
# Journal file: C:/Users/admin/Documents/pxl/3dejaar/embedded_os/Eindopdracht_EOS/NeoMatrix3_project\vivado.jou
#-----------------------------------------------------------
start_gui
open_project C:/Users/admin/Documents/pxl/3dejaar/embedded_os/Eindopdracht_EOS/NeoMatrix3_project/NeoMatrix3_project.xpr
update_compile_order -fileset sources_1
open_bd_design {C:/Users/admin/Documents/pxl/3dejaar/embedded_os/Eindopdracht_EOS/NeoMatrix3_project/NeoMatrix3_project.srcs/sources_1/bd/design_1/design_1.bd}
regenerate_bd_layout
save_bd_design
reset_run synth_1
launch_runs impl_1 -to_step write_bitstream -jobs 8
wait_on_run impl_1
file copy -force C:/Users/admin/Documents/pxl/3dejaar/embedded_os/Eindopdracht_EOS/NeoMatrix3_project/NeoMatrix3_project.runs/impl_1/design_1_wrapper.sysdef C:/Users/admin/Documents/pxl/3dejaar/embedded_os/Eindopdracht_EOS/NeoMatrix3_project/NeoMatrix3_project.sdk/design_1_wrapper.hdf

launch_sdk -workspace C:/Users/admin/Documents/pxl/3dejaar/embedded_os/Eindopdracht_EOS/NeoMatrix3_project/NeoMatrix3_project.sdk -hwspec C:/Users/admin/Documents/pxl/3dejaar/embedded_os/Eindopdracht_EOS/NeoMatrix3_project/NeoMatrix3_project.sdk/design_1_wrapper.hdf
