#-----------------------------------------------------------
# Vivado v2019.1 (64-bit)
# SW Build 2552052 on Fri May 24 14:49:42 MDT 2019
# IP Build 2548770 on Fri May 24 18:01:18 MDT 2019
# Start of session at: Thu Dec 12 13:48:38 2019
# Process ID: 18148
# Current directory: D:/Vivado_Projecten/EindOpdracht1/Eindopdracht_EOS/Blokdesign_Werkt/BlokDesign2
# Command line: vivado.exe -gui_launcher_event rodinguilauncherevent6320 D:\Vivado_Projecten\EindOpdracht1\Eindopdracht_EOS\Blokdesign_Werkt\BlokDesign2\BlokDesign2.xpr
# Log file: D:/Vivado_Projecten/EindOpdracht1/Eindopdracht_EOS/Blokdesign_Werkt/BlokDesign2/vivado.log
# Journal file: D:/Vivado_Projecten/EindOpdracht1/Eindopdracht_EOS/Blokdesign_Werkt/BlokDesign2\vivado.jou
#-----------------------------------------------------------
start_gui
open_project D:/Vivado_Projecten/EindOpdracht1/Eindopdracht_EOS/Blokdesign_Werkt/BlokDesign2/BlokDesign2.xpr
update_compile_order -fileset sources_1
launch_sdk -workspace D:/Vivado_Projecten/EindOpdracht1/Eindopdracht_EOS/Blokdesign_Werkt/BlokDesign2/BlokDesign2.sdk -hwspec D:/Vivado_Projecten/EindOpdracht1/Eindopdracht_EOS/Blokdesign_Werkt/BlokDesign2/BlokDesign2.sdk/design_1_wrapper.hdf
